[    0.000000] Initializing cgroup subsys cpuset
[    0.000000] Initializing cgroup subsys cpu
[    0.000000] Initializing cgroup subsys cpuacct
[    0.000000] Linux version 4.4.0-204-generic (buildd@lgw01-amd64-018) (gcc version 5.4.0 20160609 (Ubuntu 5.4.0-6ubuntu1~16.04.12) ) #236-Ubuntu SMP Fri Feb 19 16:11:27 UTC 2021 (Ubuntu 4.4.0-204.236-generic 4.4.254)
[    0.000000] Command line: BOOT_IMAGE=/boot/vmlinuz-4.4.0-204-generic root=UUID=3dc36edc-6845-4d79-8a78-231d436d6de8 ro console=tty1 console=ttyS0
[    0.000000] KERNEL supported cpus:
[    0.000000]   Intel GenuineIntel
[    0.000000]   AMD AuthenticAMD
[    0.000000]   Centaur CentaurHauls
[    0.000000] x86/fpu: xstate_offset[2]:  576, xstate_sizes[2]:  256
[    0.000000] x86/fpu: Supporting XSAVE feature 0x01: 'x87 floating point registers'
[    0.000000] x86/fpu: Supporting XSAVE feature 0x02: 'SSE registers'
[    0.000000] x86/fpu: Supporting XSAVE feature 0x04: 'AVX registers'
[    0.000000] x86/fpu: Enabled xstate features 0x7, context size is 832 bytes, using 'standard' format.
[    0.000000] e820: BIOS-provided physical RAM map:
[    0.000000] BIOS-e820: [mem 0x0000000000000000-0x000000000009fbff] usable
[    0.000000] BIOS-e820: [mem 0x000000000009fc00-0x000000000009ffff] reserved
[    0.000000] BIOS-e820: [mem 0x00000000000f0000-0x00000000000fffff] reserved
[    0.000000] BIOS-e820: [mem 0x0000000000100000-0x000000003ffeffff] usable
[    0.000000] BIOS-e820: [mem 0x000000003fff0000-0x000000003fffffff] ACPI data
[    0.000000] BIOS-e820: [mem 0x00000000fec00000-0x00000000fec00fff] reserved
[    0.000000] BIOS-e820: [mem 0x00000000fee00000-0x00000000fee00fff] reserved
[    0.000000] BIOS-e820: [mem 0x00000000fffc0000-0x00000000ffffffff] reserved
[    0.000000] NX (Execute Disable) protection: active
[    0.000000] SMBIOS 2.5 present.
[    0.000000] Hypervisor detected: KVM
[    0.000000] e820: last_pfn = 0x3fff0 max_arch_pfn = 0x400000000
[    0.000000] MTRR: Disabled
[    0.000000] x86/PAT: MTRRs disabled, skipping PAT initialization too.
[    0.000000] CPU MTRRs all blank - virtualized system.
[    0.000000] x86/PAT: Configuration [0-7]: WB  WT  UC- UC  WB  WT  UC- UC  
[    0.000000] found SMP MP-table at [mem 0x0009fff0-0x0009ffff] mapped at [ffff88000009fff0]
[    0.000000] Scanning 1 areas for low memory corruption
[    0.000000] RAMDISK: [mem 0x361ca000-0x370dcfff]
[    0.000000] ACPI: Early table checksum verification disabled
[    0.000000] ACPI: RSDP 0x00000000000E0000 000024 (v02 VBOX  )
[    0.000000] ACPI: XSDT 0x000000003FFF0030 00003C (v01 VBOX   VBOXXSDT 00000001 ASL  00000061)
[    0.000000] ACPI: FACP 0x000000003FFF00F0 0000F4 (v04 VBOX   VBOXFACP 00000001 ASL  00000061)
[    0.000000] ACPI: DSDT 0x000000003FFF0470 002325 (v02 VBOX   VBOXBIOS 00000002 INTL 20120111)
[    0.000000] ACPI: FACS 0x000000003FFF0200 000040
[    0.000000] ACPI: FACS 0x000000003FFF0200 000040
[    0.000000] ACPI: APIC 0x000000003FFF0240 00005C (v02 VBOX   VBOXAPIC 00000001 ASL  00000061)
[    0.000000] ACPI: SSDT 0x000000003FFF02A0 0001CC (v01 VBOX   VBOXCPUT 00000002 INTL 20120111)
[    0.000000] No NUMA configuration found
[    0.000000] Faking a node at [mem 0x0000000000000000-0x000000003ffeffff]
[    0.000000] NODE_DATA(0) allocated [mem 0x3ffeb000-0x3ffeffff]
[    0.000000] kvm-clock: Using msrs 4b564d01 and 4b564d00
[    0.000000] kvm-clock: cpu 0, msr 0:3ffe3001, primary cpu clock
[    0.000000] kvm-clock: using sched offset of 4861875101 cycles
[    0.000000] clocksource: kvm-clock: mask: 0xffffffffffffffff max_cycles: 0x1cd42e4dffb, max_idle_ns: 881590591483 ns
[    0.000000] Zone ranges:
[    0.000000]   DMA      [mem 0x0000000000001000-0x0000000000ffffff]
[    0.000000]   DMA32    [mem 0x0000000001000000-0x000000003ffeffff]
[    0.000000]   Normal   empty
[    0.000000]   Device   empty
[    0.000000] Movable zone start for each node
[    0.000000] Early memory node ranges
[    0.000000]   node   0: [mem 0x0000000000001000-0x000000000009efff]
[    0.000000]   node   0: [mem 0x0000000000100000-0x000000003ffeffff]
[    0.000000] Initmem setup node 0 [mem 0x0000000000001000-0x000000003ffeffff]
[    0.000000] ACPI: PM-Timer IO Port: 0x4008
[    0.000000] IOAPIC[0]: apic_id 2, version 32, address 0xfec00000, GSI 0-23
[    0.000000] ACPI: INT_SRC_OVR (bus 0 bus_irq 0 global_irq 2 dfl dfl)
[    0.000000] ACPI: INT_SRC_OVR (bus 0 bus_irq 9 global_irq 9 low level)
[    0.000000] Using ACPI (MADT) for SMP configuration information
[    0.000000] smpboot: Allowing 2 CPUs, 0 hotplug CPUs
[    0.000000] PM: Registered nosave memory: [mem 0x00000000-0x00000fff]
[    0.000000] PM: Registered nosave memory: [mem 0x0009f000-0x0009ffff]
[    0.000000] PM: Registered nosave memory: [mem 0x000a0000-0x000effff]
[    0.000000] PM: Registered nosave memory: [mem 0x000f0000-0x000fffff]
[    0.000000] e820: [mem 0x40000000-0xfebfffff] available for PCI devices
[    0.000000] Booting paravirtualized kernel on KVM
[    0.000000] clocksource: refined-jiffies: mask: 0xffffffff max_cycles: 0xffffffff, max_idle_ns: 7645519600211568 ns
[    0.000000] setup_percpu: NR_CPUS:512 nr_cpumask_bits:512 nr_cpu_ids:2 nr_node_ids:1
[    0.000000] PERCPU: Embedded 33 pages/cpu @ffff88003fc00000 s95640 r8192 d31336 u1048576
[    0.000000] Built 1 zonelists in Node order, mobility grouping on.  Total pages: 257912
[    0.000000] Policy zone: DMA32
[    0.000000] Kernel command line: BOOT_IMAGE=/boot/vmlinuz-4.4.0-204-generic root=UUID=3dc36edc-6845-4d79-8a78-231d436d6de8 ro console=tty1 console=ttyS0
[    0.000000] PID hash table entries: 4096 (order: 3, 32768 bytes)
[    0.000000] Memory: 997104K/1048120K available (8641K kernel code, 1337K rwdata, 4044K rodata, 1496K init, 1296K bss, 51016K reserved, 0K cma-reserved)
[    0.000000] SLUB: HWalign=64, Order=0-3, MinObjects=0, CPUs=2, Nodes=1
[    0.000000] Kernel/User page tables isolation: enabled
[    0.000000] Hierarchical RCU implementation.
[    0.000000] 	Build-time adjustment of leaf fanout to 64.
[    0.000000] 	RCU restricting CPUs from NR_CPUS=512 to nr_cpu_ids=2.
[    0.000000] RCU: Adjusting geometry for rcu_fanout_leaf=64, nr_cpu_ids=2
[    0.000000] NR_IRQS:33024 nr_irqs:440 16
[    0.000000] Console: colour VGA+ 80x25
[    0.000000] console [tty1] enabled
[    0.000000] console [ttyS0] enabled
[    0.000000] tsc: Detected 3095.998 MHz processor
[    0.164226] Calibrating delay loop (skipped) preset value.. 6191.99 BogoMIPS (lpj=12383992)
[    0.166137] pid_max: default: 32768 minimum: 301
[    0.167167] ACPI: Core revision 20150930
[    0.168868] ACPI: 2 ACPI AML tables successfully acquired and loaded
[    0.170308] Security Framework initialized
[    0.171240] Yama: becoming mindful.
[    0.172118] AppArmor: AppArmor initialized
[    0.173112] Dentry cache hash table entries: 131072 (order: 8, 1048576 bytes)
[    0.175799] Inode-cache hash table entries: 65536 (order: 7, 524288 bytes)
[    0.177799] Mount-cache hash table entries: 2048 (order: 2, 16384 bytes)
[    0.179340] Mountpoint-cache hash table entries: 2048 (order: 2, 16384 bytes)
[    0.180936] Initializing cgroup subsys io
[    0.181872] Initializing cgroup subsys memory
[    0.183134] Initializing cgroup subsys devices
[    0.184320] Initializing cgroup subsys freezer
[    0.185319] Initializing cgroup subsys net_cls
[    0.186321] Initializing cgroup subsys perf_event
[    0.187400] Initializing cgroup subsys net_prio
[    0.188444] Initializing cgroup subsys hugetlb
[    0.189653] Initializing cgroup subsys pids
[    0.202759] mce: CPU supports 0 MCE banks
[    0.203966] Last level iTLB entries: 4KB 64, 2MB 8, 4MB 8
[    0.205139] Last level dTLB entries: 4KB 64, 2MB 0, 4MB 0, 1GB 4
[    0.206426] Spectre V1 : Mitigation: usercopy/swapgs barriers and __user pointer sanitization
[    0.208604] Spectre V2 : Mitigation: Full generic retpoline
[    0.209808] Spectre V2 : Spectre v2 / SpectreRSB mitigation: Filling RSB on context switch
[    0.211722] Speculative Store Bypass: Vulnerable
[    0.212757] SRBDS: Unknown: Dependent on hypervisor status
[    0.214019] MDS: Mitigation: Clear CPU buffers
[    0.217441] Freeing SMP alternatives memory: 36K
[    0.224532] ftrace: allocating 32368 entries in 127 pages
[    0.278474] smpboot: APIC(0) Converting physical 0 to logical package 0
[    0.280353] smpboot: Max logical packages: 1
[    0.281528] x2apic enabled
[    0.282430] Switched APIC routing to physical x2apic.
[    0.284512] ..TIMER: vector=0x30 apic1=0 pin1=2 apic2=-1 pin2=-1
[    0.393911] smpboot: CPU0: Intel(R) Core(TM) i5-7267U CPU @ 3.10GHz (family: 0x6, model: 0x8e, stepping: 0x9)
[    0.396636] Performance Events: unsupported p6 CPU model 142 no PMU driver, software events only.
[    0.408704] KVM setup paravirtual spinlock
[    0.411290] x86: Booting SMP configuration:
[    0.412526] .... node  #0, CPUs:      #1
[    0.413688] kvm-clock: cpu 1, msr 0:3ffe3041, secondary cpu clock
[    0.427620] mce: CPU supports 0 MCE banks
[    0.430578] x86: Booted up 1 node, 2 CPUs
[    0.432159] smpboot: Total of 2 processors activated (12383.99 BogoMIPS)
[    0.436087] devtmpfs: initialized
[    0.439056] evm: security.selinux
[    0.440385] evm: security.SMACK64
[    0.441260] evm: security.SMACK64EXEC
[    0.442245] evm: security.SMACK64TRANSMUTE
[    0.443282] evm: security.SMACK64MMAP
[    0.444143] evm: security.ima
[    0.444877] evm: security.capability
[    0.445929] clocksource: jiffies: mask: 0xffffffff max_cycles: 0xffffffff, max_idle_ns: 7645041785100000 ns
[    0.448570] futex hash table entries: 512 (order: 3, 32768 bytes)
[    0.450003] pinctrl core: initialized pinctrl subsystem
[    0.451250] RTC time:  1:53:13, date: 03/18/21
[    0.452500] NET: Registered protocol family 16
[    0.466384] cpuidle: using governor ladder
[    0.478183] cpuidle: using governor menu
[    0.479620] PCCT header not found.
[    0.480613] ACPI: bus type PCI registered
[    0.481720] acpiphp: ACPI Hot Plug PCI Controller Driver version: 0.5
[    0.483353] PCI: Using configuration type 1 for base access
[    0.499641] ACPI: Added _OSI(Module Device)
[    0.500984] ACPI: Added _OSI(Processor Device)
[    0.502073] ACPI: Added _OSI(3.0 _SCP Extensions)
[    0.503224] ACPI: Added _OSI(Processor Aggregator Device)
[    0.505278] ACPI: Executed 1 blocks of module-level executable AML code
[    0.508798] ACPI: Interpreter enabled
[    0.510176] ACPI: (supports S0 S5)
[    0.511221] ACPI: Using IOAPIC for interrupt routing
[    0.512446] PCI: Using host bridge windows from ACPI; if necessary, use "pci=nocrs" and report a bug
[    0.519291] ACPI: PCI Root Bridge [PCI0] (domain 0000 [bus 00-ff])
[    0.521254] acpi PNP0A03:00: _OSC: OS supports [ASPM ClockPM Segments MSI]
[    0.523016] acpi PNP0A03:00: _OSC: not requesting OS control; OS requires [ExtendedConfig ASPM ClockPM MSI]
[    0.525220] acpi PNP0A03:00: fail to add MMCONFIG information, can't access extended PCI configuration space under this bridge.
[    0.528113] PCI host bridge to bus 0000:00
[    0.529162] pci_bus 0000:00: root bus resource [io  0x0000-0x0cf7 window]
[    0.530783] pci_bus 0000:00: root bus resource [io  0x0d00-0xffff window]
[    0.532635] pci_bus 0000:00: root bus resource [mem 0x000a0000-0x000bffff window]
[    0.534560] pci_bus 0000:00: root bus resource [mem 0x40000000-0xfdffffff window]
[    0.536264] pci_bus 0000:00: root bus resource [bus 00-ff]
[    0.540423] pci 0000:00:01.1: legacy IDE quirk: reg 0x10: [io  0x01f0-0x01f7]
[    0.542417] pci 0000:00:01.1: legacy IDE quirk: reg 0x14: [io  0x03f6]
[    0.543783] pci 0000:00:01.1: legacy IDE quirk: reg 0x18: [io  0x0170-0x0177]
[    0.553223] pci 0000:00:01.1: legacy IDE quirk: reg 0x1c: [io  0x0376]
[    0.568345] pci 0000:00:07.0: quirk: [io  0x4000-0x403f] claimed by PIIX4 ACPI
[    0.570298] pci 0000:00:07.0: quirk: [io  0x4100-0x410f] claimed by PIIX4 SMB
[    0.580088] ACPI: PCI Interrupt Link [LNKA] (IRQs 5 9 10 *11)
[    0.582331] ACPI: PCI Interrupt Link [LNKB] (IRQs 5 9 *10 11)
[    0.583985] ACPI: PCI Interrupt Link [LNKC] (IRQs 5 *9 10 11)
[    0.585624] ACPI: PCI Interrupt Link [LNKD] (IRQs 5 9 10 *11)
[    0.587858] ACPI: Enabled 2 GPEs in block 00 to 07
[    0.589380] vgaarb: setting as boot device: PCI:0000:00:02.0
[    0.590630] vgaarb: device added: PCI:0000:00:02.0,decodes=io+mem,owns=io+mem,locks=none
[    0.592448] vgaarb: loaded
[    0.593249] vgaarb: bridge control possible 0000:00:02.0
[    0.595005] SCSI subsystem initialized
[    0.596263] ACPI: bus type USB registered
[    0.597239] usbcore: registered new interface driver usbfs
[    0.598555] usbcore: registered new interface driver hub
[    0.599721] usbcore: registered new device driver usb
[    0.601356] PCI: Using ACPI for IRQ routing
[    0.604622] NetLabel: Initializing
[    0.605736] NetLabel:  domain hash size = 128
[    0.607240] NetLabel:  protocols = UNLABELED CIPSOv4
[    0.608838] NetLabel:  unlabeled traffic allowed by default
[    0.610722] amd_nb: Cannot enumerate AMD northbridges
[    0.612118] clocksource: Switched to clocksource kvm-clock
[    0.620249] AppArmor: AppArmor Filesystem Enabled
[    0.621876] pnp: PnP ACPI init
[    0.623742] pnp: PnP ACPI: found 3 devices
[    0.633249] clocksource: acpi_pm: mask: 0xffffff max_cycles: 0xffffff, max_idle_ns: 2085701024 ns
[    0.635661] NET: Registered protocol family 2
[    0.636854] TCP established hash table entries: 8192 (order: 4, 65536 bytes)
[    0.638677] TCP bind hash table entries: 8192 (order: 5, 131072 bytes)
[    0.640062] TCP: Hash tables configured (established 8192 bind 8192)
[    0.641484] UDP hash table entries: 512 (order: 2, 16384 bytes)
[    0.642749] UDP-Lite hash table entries: 512 (order: 2, 16384 bytes)
[    0.644117] NET: Registered protocol family 1
[    0.645146] pci 0000:00:00.0: Limiting direct PCI/PCI transfers
[    0.646432] pci 0000:00:01.0: Activating ISA DMA hang workarounds
[    0.647885] Unpacking initramfs...
[    0.878378] Freeing initrd memory: 15436K
[    0.879798] clocksource: tsc: mask: 0xffffffffffffffff max_cycles: 0x2ca082f6619, max_idle_ns: 440795220240 ns
[    0.882094] platform rtc_cmos: registered platform RTC device (no PNP device found)
[    0.883880] Scanning for low memory corruption every 60 seconds
[    0.885633] audit: initializing netlink subsys (disabled)
[    0.886842] audit: type=2000 audit(1616032400.165:1): initialized
[    0.888376] Initialise system trusted keyring
[    0.889657] HugeTLB registered 2 MB page size, pre-allocated 0 pages
[    0.892666] zbud: loaded
[    0.893644] VFS: Disk quotas dquot_6.6.0
[    0.895010] VFS: Dquot-cache hash table entries: 512 (order 0, 4096 bytes)
[    0.896696] squashfs: version 4.0 (2009/01/31) Phillip Lougher
[    0.898250] fuse init (API version 7.23)
[    0.899658] Key type big_key registered
[    0.900635] Allocating IMA MOK and blacklist keyrings.
[    0.902657] Key type asymmetric registered
[    0.904052] Asymmetric key parser 'x509' registered
[    0.905217] Block layer SCSI generic (bsg) driver version 0.4 loaded (major 249)
[    0.907046] io scheduler noop registered
[    0.908593] io scheduler deadline registered (default)
[    0.910007] io scheduler cfq registered
[    0.911537] pci_hotplug: PCI Hot Plug PCI Core version: 0.5
[    0.912925] pciehp: PCI Express Hot Plug Controller Driver version: 0.4
[    0.914691] ACPI: AC Adapter [AC] (on-line)
[    0.916065] input: Power Button as /devices/LNXSYSTM:00/LNXPWRBN:00/input/input0
[    0.917865] ACPI: Power Button [PWRF]
[    0.918814] input: Sleep Button as /devices/LNXSYSTM:00/LNXSLPBN:00/input/input1
[    0.920505] ACPI: Sleep Button [SLPF]
[    0.921692] GHES: HEST is not enabled!
[    0.923898] ACPI: Battery Slot [BAT0] (battery present)
[    0.925498] Serial: 8250/16550 driver, 32 ports, IRQ sharing enabled
[    0.947957] 00:02: ttyS0 at I/O 0x3f8 (irq = 4, base_baud = 115200) is a 16550A
[    0.952625] Linux agpgart interface v0.103
[    0.956851] loop: module loaded
[    0.958290] scsi host0: ata_piix
[    0.959645] scsi host1: ata_piix
[    0.961161] ata1: PATA max UDMA/33 cmd 0x1f0 ctl 0x3f6 bmdma 0xd000 irq 14
[    0.963381] ata2: PATA max UDMA/33 cmd 0x170 ctl 0x376 bmdma 0xd008 irq 15
[    0.966073] libphy: Fixed MDIO Bus: probed
[    0.967359] tun: Universal TUN/TAP device driver, 1.6
[    0.968913] tun: (C) 1999-2004 Max Krasnyansky <maxk@qualcomm.com>
[    0.970353] PPP generic driver version 2.4.2
[    0.971860] ehci_hcd: USB 2.0 'Enhanced' Host Controller (EHCI) Driver
[    0.973300] ehci-pci: EHCI PCI platform driver
[    0.974526] ehci-platform: EHCI generic platform driver
[    0.976049] ohci_hcd: USB 1.1 'Open' Host Controller (OHCI) Driver
[    0.977861] ohci-pci: OHCI PCI platform driver
[    0.979465] ohci-platform: OHCI generic platform driver
[    0.981149] uhci_hcd: USB Universal Host Controller Interface driver
[    0.983351] i8042: PNP: PS/2 Controller [PNP0303:PS2K,PNP0f03:PS2M] at 0x60,0x64 irq 1,12
[    0.986577] serio: i8042 KBD port at 0x60,0x64 irq 1
[    0.987903] serio: i8042 AUX port at 0x60,0x64 irq 12
[    0.989669] mousedev: PS/2 mouse device common for all mice
[    0.991810] input: AT Translated Set 2 keyboard as /devices/platform/i8042/serio0/input/input2
[    0.994070] rtc_cmos rtc_cmos: rtc core: registered rtc_cmos as rtc0
[    0.995467] rtc_cmos rtc_cmos: alarms up to one day, 114 bytes nvram
[    0.996867] i2c /dev entries driver
[    0.998073] device-mapper: uevent: version 1.0.3
[    0.999434] device-mapper: ioctl: 4.34.0-ioctl (2015-10-28) initialised: dm-devel@redhat.com
[    1.001514] ledtrig-cpu: registered to indicate activity on CPUs
[    1.003574] NET: Registered protocol family 10
[    1.005063] NET: Registered protocol family 17
[    1.006130] Key type dns_resolver registered
[    1.008194] registered taskstats version 1
[    1.009188] Loading compiled-in X.509 certificates
[    1.011461] Loaded X.509 cert 'Build time autogenerated kernel key: 7d89d4973e8e82529e7123890c54abbb198c4f27'
[    1.015074] zswap: loaded using pool lzo/zbud
[    1.023037] Key type trusted registered
[    1.030273] Key type encrypted registered
[    1.031822] AppArmor: AppArmor sha1 policy hashing enabled
[    1.034029] ima: No TPM chip found, activating TPM-bypass!
[    1.036261] ima: Allocated hash algorithm: sha1
[    1.038034] evm: HMAC attrs: 0x1
[    1.040568]   Magic number: 13:774:862
[    1.042370] rtc_cmos rtc_cmos: setting system clock to 2021-03-18 01:53:13 UTC (1616032393)
[    1.045587] BIOS EDD facility v0.16 2004-Jun-25, 0 devices found
[    1.047642] EDD information not available.
[    1.143982] Freeing unused kernel memory: 1496K
[    1.145485] Write protecting the kernel read-only data: 14336k
[    1.147116] Freeing unused kernel memory: 1588K
[    1.148317] Freeing unused kernel memory: 52K
Loading, please wait...
starting version 229
[    1.161332] random: systemd-udevd: uninitialized urandom read (16 bytes read, 3 bits of entropy available)
[    1.161935] random: udevadm: uninitialized urandom read (16 bytes read, 3 bits of entropy available)
[    1.161968] random: udevadm: uninitialized urandom read (16 bytes read, 3 bits of entropy available)
[    1.167811] random: systemd-udevd: uninitialized urandom read (16 bytes read, 3 bits of entropy available)
[    1.170403] random: udevadm: uninitialized urandom read (16 bytes read, 3 bits of entropy available)
[    1.170448] random: udevadm: uninitialized urandom read (16 bytes read, 3 bits of entropy available)
[    1.170568] random: udevadm: uninitialized urandom read (16 bytes read, 3 bits of entropy available)
[    1.170619] random: udevadm: uninitialized urandom read (16 bytes read, 3 bits of entropy available)
[    1.170669] random: udevadm: uninitialized urandom read (16 bytes read, 3 bits of entropy available)
[    1.170719] random: udevadm: uninitialized urandom read (16 bytes read, 3 bits of entropy available)
[    1.234062] e1000: Intel(R) PRO/1000 Network Driver - version 7.3.21-k8-NAPI
[    1.236196] e1000: Copyright (c) 1999-2006 Intel Corporation.
[    1.241947] Fusion MPT base driver 3.04.20
[    1.242971] Copyright (c) 1999-2008 LSI Corporation
[    1.247320] Fusion MPT SPI Host driver 3.04.20
[    1.256542] AVX2 version of gcm_enc/dec engaged.
[    1.258005] AES CTR mode by8 optimization enabled
[    1.441473] input: ImExPS/2 Generic Explorer Mouse as /devices/platform/i8042/serio1/input/input4
[    1.637567] e1000 0000:00:03.0 eth0: (PCI:33MHz:32-bit) 02:49:cb:75:7f:af
[    1.639648] e1000 0000:00:03.0 eth0: Intel(R) PRO/1000 Network Connection
[    1.641774] mptbase: ioc0: Initiating bringup
[    1.704888] ioc0: LSI53C1030 A0: Capabilities={Initiator}
[    1.870816] scsi host2: ioc0: LSI53C1030 A0, FwRev=00000000h, Ports=1, MaxQ=256, IRQ=20
[    1.990304] scsi 2:0:0:0: Direct-Access     VBOX     HARDDISK         1.0  PQ: 0 ANSI: 5
[    1.992768] scsi target2:0:0: Beginning Domain Validation
[    1.994997] scsi target2:0:0: Domain Validation skipping write tests
[    1.996467] scsi target2:0:0: Ending Domain Validation
[    1.997793] scsi target2:0:0: asynchronous
[    1.999248] scsi 2:0:1:0: Direct-Access     VBOX     HARDDISK         1.0  PQ: 0 ANSI: 5
[    2.001646] scsi target2:0:1: Beginning Domain Validation
[    2.003495] scsi target2:0:1: Domain Validation skipping write tests
[    2.004987] scsi target2:0:1: Ending Domain Validation
[    2.006237] scsi target2:0:1: asynchronous
[    2.033005] sd 2:0:0:0: Attached scsi generic sg0 type 0
[    2.034805] sd 2:0:0:0: [sda] 83886080 512-byte logical blocks: (42.9 GB/40.0 GiB)
[    2.037721] sd 2:0:1:0: Attached scsi generic sg1 type 0
[    2.039425] sd 2:0:1:0: [sdb] 20480 512-byte logical blocks: (10.5 MB/10.0 MiB)
[    2.041856] sd 2:0:1:0: [sdb] Write Protect is off
[    2.043078] sd 2:0:0:0: [sda] Write Protect is off
[    2.044359] sd 2:0:1:0: [sdb] Incomplete mode parameter data
[    2.045658] sd 2:0:1:0: [sdb] Assuming drive cache: write through
[    2.047217] sd 2:0:0:0: [sda] Incomplete mode parameter data
[    2.048639] sd 2:0:0:0: [sda] Assuming drive cache: write through
[    2.052069]  sda: sda1
[    2.053785] sd 2:0:0:0: [sda] Attached SCSI disk
[    2.056028] sd 2:0:1:0: [sdb] Attached SCSI disk
[    2.406450] e1000 0000:00:08.0 eth1: (PCI:33MHz:32-bit) 08:00:27:07:28:39
[    2.408396] e1000 0000:00:08.0 eth1: Intel(R) PRO/1000 Network Connection
[    2.410821] e1000 0000:00:03.0 enp0s3: renamed from eth0
[    2.425275] e1000 0000:00:08.0 enp0s8: renamed from eth1
Begin: Loading essential drivers ... [    3.708028] md: linear personality registered for level -1
[    3.712164] md: multipath personality registered for level -4
[    3.716386] md: raid0 personality registered for level 0
[    3.721364] md: raid1 personality registered for level 1
[    3.792132] raid6: sse2x1   gen() 11952 MB/s
[    3.860381] raid6: sse2x1   xor()  8962 MB/s
[    3.928147] raid6: sse2x2   gen() 14665 MB/s
[    3.996429] raid6: sse2x2   xor()  9314 MB/s
[    4.064633] raid6: sse2x4   gen() 14764 MB/s
[    4.132202] raid6: sse2x4   xor() 10751 MB/s
[    4.200188] raid6: avx2x1   gen() 18177 MB/s
[    4.268154] raid6: avx2x2   gen() 23932 MB/s
[    4.336240] raid6: avx2x4   gen() 25011 MB/s
[    4.337675] raid6: using algorithm avx2x4 gen() 25011 MB/s
[    4.339302] raid6: using avx2x2 recovery algorithm
[    4.341488] xor: automatically using best checksumming function:
[    4.380890]    avx       : 24722.000 MB/sec
[    4.383600] async_tx: api initialized (async)
[    4.403825] md: raid6 personality registered for level 6
[    4.407447] md: raid5 personality registered for level 5
[    4.410067] md: raid4 personality registered for level 4
[    4.424696] md: raid10 personality registered for level 10
done.
Begin: Running /scripts/init-premount ... done.
Begin: Mounting root file system ... Begin: Running /scripts/local-top ... done.
Begin: Running /scripts/local-premount ... [    4.473839] Btrfs loaded
Scanning for Btrfs filesystems
done.
Warning: fsck not present, so skipping root file system
[    4.522821] EXT4-fs (sda1): INFO: recovery required on readonly filesystem
[    4.525117] EXT4-fs (sda1): write access will be enabled during recovery
[    5.000152] EXT4-fs (sda1): orphan cleanup on readonly fs
[    5.011541] EXT4-fs (sda1): 4 orphan inodes deleted
[    5.013217] EXT4-fs (sda1): recovery complete
[    5.015014] EXT4-fs (sda1): mounted filesystem with ordered data mode. Opts: (null)
done.
Begin: Running /scripts/local-bottom ... done.
Begin: Running /scripts/init-bottom ... done.
[    5.440462] random: nonblocking pool is initialized
[    5.535345] systemd[1]: systemd 229 running in system mode. (+PAM +AUDIT +SELINUX +IMA +APPARMOR +SMACK +SYSVINIT +UTMP +LIBCRYPTSETUP +GCRYPT +GNUTLS +ACL +XZ -LZ4 +SECCOMP +BLKID +ELFUTILS +KMOD -IDN)
[    5.544389] systemd[1]: Detected virtualization oracle.
[    5.546443] systemd[1]: Detected architecture x86-64.

Welcome to [1mUbuntu 16.04.7 LTS[0m!

[    5.553498] systemd[1]: Set hostname to <web01>.
[    6.430395] systemd[1]: Created slice System Slice.
[[0;32m  OK  [0m] Created slice System Slice.
[    6.432660] systemd[1]: Reached target System Time Synchronized.
[[0;32m  OK  [0m] Reached target System Time Synchronized.
[    6.435574] systemd[1]: Listening on LVM2 metadata daemon socket.
[[0;32m  OK  [0m] Listening on LVM2 metadata daemon socket.
[    6.440485] systemd[1]: Set up automount Arbitrary Executable File Formats File System Automount Point.
[[0;32m  OK  [0m] Set up automount Arbitrary Executab...ats File System Automount Point.
[    6.878656] systemd[1]: Created slice User and Session Slice.
[[0;32m  OK  [0m] Created slice User and Session Slice.
[    6.902486] systemd[1]: Listening on /dev/initctl Compatibility Named Pipe.
[[0;32m  OK  [0m] Listening on /dev/initctl Compatibility Named Pipe.
[    6.907725] systemd[1]: Reached target Encrypted Volumes.
[[0;32m  OK  [0m] Reached target Encrypted Volumes.
[    6.994598] systemd[1]: Listening on Journal Socket (/dev/log).
[[0;32m  OK  [0m] Listening on Journal Socket (/dev/log).
[    7.013591] systemd[1]: Listening on Journal Audit Socket.
[[0;32m  OK  [0m] Listening on Journal Audit Socket.
[    7.017324] systemd[1]: Listening on udev Kernel Socket.
[[0;32m  OK  [0m] Listening on udev Kernel Socket.
[    7.020897] systemd[1]: Reached target Slices.
[[0;32m  OK  [0m] Reached target Slices.
[    7.023967] systemd[1]: Listening on Syslog Socket.
[[0;32m  OK  [0m] Listening on Syslog Socket.
[    7.027406] systemd[1]: Started Trigger resolvconf update for networkd DNS.
[[0;32m  OK  [0m] Started Trigger resolvconf update for networkd DNS.
[    7.031938] systemd[1]: Listening on LVM2 poll daemon socket.
[[0;32m  OK  [0m] Listening on LVM2 poll daemon socket.
[    7.036308] systemd[1]: Created slice system-serial\x2dgetty.slice.
[[0;32m  OK  [0m] Created slice system-serial\x2dgetty.slice.
[    7.040920] systemd[1]: Reached target Swap.
[[0;32m  OK  [0m] Reached target Swap.
[    7.045148] systemd[1]: Started Forward Password Requests to Wall Directory Watch.
[[0;32m  OK  [0m] Started Forward Password Requests to Wall Directory Watch.
[    7.050309] systemd[1]: Listening on udev Control Socket.
[[0;32m  OK  [0m] Listening on udev Control Socket.
[    7.054270] systemd[1]: Reached target User and Group Name Lookups.
[[0;32m  OK  [0m] Reached target User and Group Name Lookups.
[    7.059382] systemd[1]: Listening on Journal Socket.
[[0;32m  OK  [0m] Listening on Journal Socket.
[    7.072994] systemd[1]: Starting Journal Service...
         Starting Journal Service...
[    7.124404] systemd[1]: Starting Remount Root and Kernel File Systems...
         Starting Remount Root and Kernel File Systems...
[    7.129932] systemd[1]: Starting Uncomplicated firewall...
         Starting Uncomplicated firewall...
[    7.134547] systemd[1]: Mounting Debug File System...
         Mounting Debug File System...
[    7.139181] systemd[1]: Starting Set console keymap...
         Starting Set console keymap...
[    7.143439] systemd[1]: Mounting Huge Pages File System...
         Mounting Huge Pages File System...
[    7.208540] systemd[1]: Starting Load Kernel Modules...
         Starting Load Kernel Modules...
[    7.213465] systemd[1]: Mounting POSIX Message Queue File System...
         Mounting POSIX Message Queue File System...
[    7.216372] systemd[1]: Starting Nameserver information manager...
         Starting Nameserver information manager...
[    7.219950] systemd[1]: Starting Create list of required static device nodes for the current kernel...
         Starting Create list of required st... nodes for the current kernel...
[    7.225581] systemd[1]: Listening on Device-mapper event daemon FIFOs.
[[0;32m  OK  [0m] Listening on Device-mapper event daemon FIFOs.
[    7.230303] systemd[1]: Starting Monitoring of LVM2 mirrors, snapshots etc. using dmeventd or progress polling...
         Starting Monitoring of LVM2 mirrors... dmeventd or progress polling...
[    7.237633] systemd[1]: Started Uncomplicated firewall.
[[0;32m  OK  [0m] Started Uncomplicated firewall.
[    7.350790] EXT4-fs (sda1): re-mounted. Opts: (null)
[    7.361362] systemd[1]: Started Remount Root and Kernel File Systems.
[[0;32m  OK  [0m] Started Remount Root and Kernel File Systems.
[    7.364703] systemd[1]: Mounted Debug File System.
[[0;32m  OK  [0m] Mounted Debug File System.
[    7.367406] systemd[1]: Mounted Huge Pages File System.
[[0;32m  OK  [0m] Mounted Huge Pages File System.
[    7.369704] systemd[1]: Mounted POSIX Message Queue File System.
[[0;32m  OK  [0m] Mounted POSIX Message Queue File System.
[    7.374743] systemd[1]: Started Create list of required static device nodes for the current kernel.
[[0;32m  OK  [0m] Started Create list of required sta...ce nodes for the current kernel.
[    7.392781] systemd[1]: Starting Create Static Device Nodes in /dev...
         Starting Create Static Device Nodes in /dev...
[    7.398376] systemd[1]: Starting Load/Save Random Seed...
         Starting Load/Save Random Seed...
[    7.731998] Loading iSCSI transport class v2.0-870.
[    7.736476] systemd[1]: Starting udev Coldplug all Devices...
         Starting udev Coldplug all Devices...
[    7.742889] systemd[1]: Started Journal Service.
[[0;32m  OK  [0m] Started Journal Service.
[[0;32m  OK  [0m] Started Nameserver information manager.
[[0;32m  OK  [0m] Started Load/Save Random Seed.
         Starting Flush Journal to Persistent Storage...
[    7.763028] systemd-journald[366]: Received request to flush runtime journal from PID 1
[[0;32m  OK  [0m] Started LVM2 metadata daemon.
[    7.771683] iscsi: registered transport (tcp)
[[0;32m  OK  [0m] Started Flush Journal to Persistent Storage.
[[0;32m  OK  [0m] Started Set console keymap.
[[0;32m  OK  [0m] Started Create Static Device Nodes in /dev.
         Starting udev Kernel Device Manager...
[[0;32m  OK  [0m] Started udev Coldplug all Devices.
[    7.841185] iscsi: registered transport (iser)
[[0;32m  OK  [0m] Started Load Kernel Modules.
         Mounting FUSE Control File System...
         Starting Apply Kernel Variables...
[[0;32m  OK  [0m] Mounted FUSE Control File System.
[[0;32m  OK  [0m] Started Apply Kernel Variables.
[[0;32m  OK  [0m] Started udev Kernel Device Manager.
[[0;32m  OK  [0m] Started Dispatch Password Requests to Console Directory Watch.
[[0;32m  OK  [0m] Started Monitoring of LVM2 mirrors,...ng dmeventd or progress polling.
[[0;32m  OK  [0m] Reached target Local File Systems (Pre).
[[0;32m  OK  [0m] Reached target Local File Systems.
         Starting Initial cloud-init job (pre-networking)...
         Starting LSB: AppArmor initialization...
         Starting Set console font and keymap...
         Starting Create Volatile Files and Directories...
         Starting Tell Plymouth To Write Out Runtime Data...
         Mounting /vagrant...
[[0;32m  OK  [0m] Started Tell Plymouth To Write Out Runtime Data.
[[0;32m  OK  [0m] Started Create Volatile Files and Directories.
         Starting Update UTMP about System Boot/Shutdown...
[[0;32m  OK  [0m] Started Update UTMP about System Boot/Shutdown.
[[0;1;31mFAILED[0m] Failed to mount /vagrant.
See 'systemctl status vagrant.mount' for details.
[[0;32m  OK  [0m] Found device /dev/ttyS0.
[[0;32m  OK  [0m] Listening on Load/Save RF Kill Switch Status /dev/rfkill Watch.
[[0;32m  OK  [0m] Found device 82540EM Gigabit Ethern...r (PRO/1000 MT Desktop Adapter).
[[0;32m  OK  [0m] Found device 82540EM Gigabit Ethern...r (PRO/1000 MT Desktop Adapter).
[[0;32m  OK  [0m] Started LSB: AppArmor initialization.
         Starting Load AppArmor profiles managed internally by snapd...
[[0;32m  OK  [0m] Started Load AppArmor profiles managed internally by snapd.
[[0;32m  OK  [0m] Started Set console font and keymap.
[[0;32m  OK  [0m] Created slice system-getty.slice.
[   12.240579] cloud-init[482]: Cloud-init v. 20.4.1-0ubuntu1~16.04.1 running 'init-local' at Thu, 18 Mar 2021 01:53:24 +0000. Up 11.95 seconds.
[[0;32m  OK  [0m] Started Initial cloud-init job (pre-networking).
[[0;32m  OK  [0m] Reached target Network (Pre).
[[0;32m  OK  [0m] Started ifup for enp0s8.
[[0;32m  OK  [0m] Started ifup for enp0s3.
         Starting Raise network interfaces...
[[0;32m  OK  [0m] Started Raise network interfaces.
         Starting Initial cloud-init job (metadata service crawler)...
[[0;32m  OK  [0m] Reached target Network.
[   13.578269] cloud-init[1071]: Cloud-init v. 20.4.1-0ubuntu1~16.04.1 running 'init' at Thu, 18 Mar 2021 01:53:25 +0000. Up 12.89 seconds.
[   13.588609] cloud-init[1071]: ci-info: ++++++++++++++++++++++++++++++++++++++Net device info+++++++++++++++++++++++++++++++++++++++
[   13.592136] cloud-init[1071]: ci-info: +--------+------+-----------------------------+---------------+--------+-------------------+
[   13.595178] cloud-init[1071]: ci-info: | Device |  Up  |           Address           |      Mask     | Scope  |     Hw-Address    |
[   13.598704] cloud-init[1071]: ci-info: +--------+------+-----------------------------+---------------+--------+-------------------+
[   13.601974] cloud-init[1071]: ci-info: | enp0s3 | True |          10.0.2.15          | 255.255.255.0 | global | 02:49:cb:75:7f:af |
[   13.605842] cloud-init[1071]: ci-info: | enp0s3 | True |  fe80::49:cbff:fe75:7faf/64 |       .       |  link  | 02:49:cb:75:7f:af |
[   13.616443] cloud-init[1071]: ci-info: | enp0s8 | True |        192.168.33.11        | 255.255.255.0 | global | 08:00:27:07:28:39 |
[   13.619708] cloud-init[1071]: ci-info: | enp0s8 | True | fe80::a00:27ff:fe07:2839/64 |       .       |  link  | 08:00:27:07:28:39 |
[   13.628553] cloud-init[1071]: ci-info: |   lo   | True |          127.0.0.1          |   255.0.0.0   |  host  |         .         |
[   13.631901] cloud-init[1071]: ci-info: |   lo   | True |           ::1/128           |       .       |  host  |         .         |
[   13.636243] cloud-init[1071]: ci-info: +--------+------+-----------------------------+---------------+--------+-------------------+
[   13.639179] cloud-init[1071]: ci-info: ++++++++++++++++++++++++++++Route IPv4 info++++++++++++++++++++++++++++
[   13.642537] cloud-init[1071]: ci-info: +-------+--------------+----------+---------------+-----------+-------+
[   13.646742] cloud-init[1071]: ci-info: | Route | Destination  | Gateway  |    Genmask    | Interface | Flags |
[   13.649886] cloud-init[1071]: ci-info: +-------+--------------+----------+---------------+-----------+-------+
[   13.653206] cloud-init[1071]: ci-info: |   0   |   0.0.0.0    | 10.0.2.2 |    0.0.0.0    |   enp0s3  |   UG  |
[   13.656315] cloud-init[1071]: ci-info: |   1   |   10.0.2.0   | 0.0.0.0  | 255.255.255.0 |   enp0s3  |   U   |
[   13.659142] cloud-init[1071]: ci-info: |   2   | 192.168.33.0 | 0.0.0.0  | 255.255.255.0 |   enp0s8  |   U   |
[   13.662048] cloud-init[1071]: ci-info: +-------+--------------+----------+---------------+-----------+-------+
[   13.665670] cloud-init[1071]: ci-info: +++++++++++++++++++Route IPv6 info+++++++++++++++++++
[   13.676576] cloud-init[1071]: ci-info: +-------+-------------+---------+-----------+-------+
[   13.679177] cloud-init[1071]: ci-info: | Route | Destination | Gateway | Interface | Flags |
[   13.682446] cloud-init[1071]: ci-info: +-------+-------------+---------+-----------+-------+
[   13.685223] cloud-init[1071]: ci-info: |   0   |  fe80::/64  |    ::   |   enp0s8  |   U   |
[   13.688074] cloud-init[1071]: ci-info: |   1   |  fe80::/64  |    ::   |   enp0s3  |   U   |
[   13.690884] cloud-init[1071]: ci-info: |   4   |   ff00::/8  |    ::   |   enp0s8  |   U   |
[   13.693652] cloud-init[1071]: ci-info: |   5   |   ff00::/8  |    ::   |   enp0s3  |   U   |
[   13.696447] cloud-init[1071]: ci-info: +-------+-------------+---------+-----------+-------+
[[0;32m  OK  [0m] Started Initial cloud-init job (metadata service crawler).
[[0;32m  OK  [0m] Reached target System Initialization.
[[0;32m  OK  [0m] Started Daily apt download activities.
[[0;32m  OK  [0m] Started ACPI Events Check.
[[0;32m  OK  [0m] Reached target Paths.
[[0;32m  OK  [0m] Listening on UUID daemon activation socket.
         Starting Socket activation for snappy daemon.
[[0;32m  OK  [0m] Started Daily apt upgrade and clean activities.
[[0;32m  OK  [0m] Listening on D-Bus System Message Bus Socket.
[[0;32m  OK  [0m] Listening on ACPID Listen Socket.
         Starting LXD - unix socket.
[[0;32m  OK  [0m] Started Daily Cleanup of Temporary Directories.
[[0;32m  OK  [0m] Started Message of the Day.
[[0;32m  OK  [0m] Reached target Timers.
[[0;32m  OK  [0m] Reached target Network is Online.
         Starting iSCSI initiator daemon (iscsid)...
[[0;32m  OK  [0m] Reached target Cloud-config availability.
[[0;32m  OK  [0m] Listening on Socket activation for snappy daemon.
[[0;32m  OK  [0m] Listening on LXD - unix socket.
[[0;32m  OK  [0m] Reached target Sockets.
[[0;32m  OK  [0m] Reached target Basic System.
         Starting /etc/rc.local Compatibility...
[[0;32m  OK  [0m] Started FUSE filesystem for LXC.
         Starting Login Service...
         Starting LSB: Record successful boot for GRUB...
         Starting Accounts Service...
         Starting System Logging Service...
         Starting OpenBSD Secure Shell server...
         Starting LSB: MD monitoring daemon...
         Starting Virtualbox guest utils...
[[0;32m  OK  [0m] Started D-Bus System Message Bus.
[[0;32m  OK  [0m] Started Regular background program processing daemon.
[[0;32m  OK  [0m] Started Deferred execution scheduler.
         Starting LXD - container startup/shutdown...
         Starting Snap Daemon...
[[0;32m  OK  [0m] Started ACPI event daemon.
[[0;32m  OK  [0m] Started System Logging Service.
[[0;32m  OK  [0m] Started iSCSI initiator daemon (iscsid).
[[0;32m  OK  [0m] Started /etc/rc.local Compatibility.
[[0;32m  OK  [0m] Started OpenBSD Secure Shell server.
[[0;32m  OK  [0m] Started Login Service.
[[0;32m  OK  [0m] Started Unattended Upgrades Shutdown.
         Starting Authenticate and Authorize Users to Run Privileged Tasks...
         Starting Login to default iSCSI targets...
[[0;32m  OK  [0m] Started LSB: Record successful boot for GRUB.
[[0;32m  OK  [0m] Started Login to default iSCSI targets.
[[0;32m  OK  [0m] Reached target Remote File Systems (Pre).
[[0;32m  OK  [0m] Reached target Remote File Systems.
         Starting LSB: daemon to balance interrupts for SMP systems...
         Starting LSB: automatic crash report generation...
         Starting Permit User Sessions...
         Starting LSB: Set the CPU Frequency Scaling governor to "ondemand"...
[[0;32m  OK  [0m] Started LSB: MD monitoring daemon.
[[0;32m  OK  [0m] Started LSB: Set the CPU Frequency Scaling governor to "ondemand".
[[0;32m  OK  [0m] Started Authenticate and Authorize Users to Run Privileged Tasks.
[[0;32m  OK  [0m] Started Accounts Service.
[[0;32m  OK  [0m] Started Permit User Sessions.
         Starting Terminate Plymouth Boot Screen...
         Starting Hold until boot process finishes up...
[[0;32m  OK  [0m] Started Hold until boot process finishes up.
         Starting Set console scheme...
[[0;32m  OK  [0m] Started Serial Getty on ttyS0.
[[0;32m  OK  [0m] Started Getty on tty1.
[[0;32m  OK  [0m] Reached target Login Prompts.
[[0;32m  OK  [0m] Started LSB: daemon to balance interrupts for SMP systems.
[[0;32m  OK  [0m] Started Terminate Plymouth Boot Screen.
[[0;32m  OK  [0m] Started Set console scheme.
[[0;32m  OK  [0m] Started LSB: automatic crash report generation.
[[0;32m  OK  [0m] Started Virtualbox guest utils.
[[0;32m  OK  [0m] Started LXD - container startup/shutdown.
[[0;32m  OK  [0m] Started Snap Daemon.
         Starting Wait until snapd is fully seeded...
[[0;32m  OK  [0m] Started Wait until snapd is fully seeded.
         Starting Apply the settings specified in cloud-config...
[[0;32m  OK  [0m] Reached target Multi-User System.
[[0;32m  OK  [0m] Reached target Graphical Interface.
         Starting Update UTMP about System Runlevel Changes...
[[0;32m  OK  [0m] Started Update UTMP about System Runlevel Changes.
[   16.310111] cloud-init[1333]: Cloud-init v. 20.4.1-0ubuntu1~16.04.1 running 'modules:config' at Thu, 18 Mar 2021 01:53:28 +0000. Up 16.21 seconds.
[[0;32m  OK  [0m] Started Apply the settings specified in cloud-config.
         Starting Execute cloud user/final scripts...
[   16.653776] cloud-init[1345]: Cloud-init v. 20.4.1-0ubuntu1~16.04.1 running 'modules:final' at Thu, 18 Mar 2021 01:53:29 +0000. Up 16.56 seconds.
[   16.656572] cloud-init[1345]: Cloud-init v. 20.4.1-0ubuntu1~16.04.1 finished at Thu, 18 Mar 2021 01:53:29 +0000. Datasource DataSourceNoCloud [seed=/dev/sdb][dsmode=net].  Up 16.64 seconds
[[0;32m  OK  [0m] Started Execute cloud user/final scripts.
[[0;32m  OK  [0m] Reached target Cloud-init target.

Ubuntu 16.04.7 LTS web01 ttyS0

web01 login: 